Archive member included to satisfy reference by file (symbol)

c:/program files (x86)/atmel/studio/7.0/toolchain/avr8/avr8-gnu-toolchain/bin/../lib/gcc/avr/5.4.0/avr4\libgcc.a(_exit.o)
                              C:/Program Files (x86)/Atmel/Studio/7.0/Packs/atmel/ATmega_DFP/1.2.132/gcc/dev/atmega8a/avr4/crtatmega8a.o (exit)
c:/program files (x86)/atmel/studio/7.0/toolchain/avr8/avr8-gnu-toolchain/bin/../lib/gcc/avr/5.4.0/avr4\libgcc.a(_clear_bss.o)
                              hal/uart.o (__do_clear_bss)

Discarded input sections

 .data          0x00000000        0x0 C:/Program Files (x86)/Atmel/Studio/7.0/Packs/atmel/ATmega_DFP/1.2.132/gcc/dev/atmega8a/avr4/crtatmega8a.o
 .bss           0x00000000        0x0 C:/Program Files (x86)/Atmel/Studio/7.0/Packs/atmel/ATmega_DFP/1.2.132/gcc/dev/atmega8a/avr4/crtatmega8a.o
 .text          0x00000000        0x0 app/cmd.o
 .data          0x00000000        0x0 app/cmd.o
 .bss           0x00000000        0x0 app/cmd.o
 .text          0x00000000        0x0 hal/uart.o
 .data          0x00000000        0x0 hal/uart.o
 .bss           0x00000000        0x0 hal/uart.o
 .text          0x00000000        0x0 main.o
 .data          0x00000000        0x0 main.o
 .bss           0x00000000        0x0 main.o
 .text          0x00000000        0x0 os/queue.o
 .data          0x00000000        0x0 os/queue.o
 .bss           0x00000000        0x0 os/queue.o
 .text          0x00000000        0x0 c:/program files (x86)/atmel/studio/7.0/toolchain/avr8/avr8-gnu-toolchain/bin/../lib/gcc/avr/5.4.0/avr4\libgcc.a(_exit.o)
 .data          0x00000000        0x0 c:/program files (x86)/atmel/studio/7.0/toolchain/avr8/avr8-gnu-toolchain/bin/../lib/gcc/avr/5.4.0/avr4\libgcc.a(_exit.o)
 .bss           0x00000000        0x0 c:/program files (x86)/atmel/studio/7.0/toolchain/avr8/avr8-gnu-toolchain/bin/../lib/gcc/avr/5.4.0/avr4\libgcc.a(_exit.o)
 .text.libgcc.mul
                0x00000000        0x0 c:/program files (x86)/atmel/studio/7.0/toolchain/avr8/avr8-gnu-toolchain/bin/../lib/gcc/avr/5.4.0/avr4\libgcc.a(_exit.o)
 .text.libgcc.div
                0x00000000        0x0 c:/program files (x86)/atmel/studio/7.0/toolchain/avr8/avr8-gnu-toolchain/bin/../lib/gcc/avr/5.4.0/avr4\libgcc.a(_exit.o)
 .text.libgcc   0x00000000        0x0 c:/program files (x86)/atmel/studio/7.0/toolchain/avr8/avr8-gnu-toolchain/bin/../lib/gcc/avr/5.4.0/avr4\libgcc.a(_exit.o)
 .text.libgcc.prologue
                0x00000000        0x0 c:/program files (x86)/atmel/studio/7.0/toolchain/avr8/avr8-gnu-toolchain/bin/../lib/gcc/avr/5.4.0/avr4\libgcc.a(_exit.o)
 .text.libgcc.builtins
                0x00000000        0x0 c:/program files (x86)/atmel/studio/7.0/toolchain/avr8/avr8-gnu-toolchain/bin/../lib/gcc/avr/5.4.0/avr4\libgcc.a(_exit.o)
 .text.libgcc.fmul
                0x00000000        0x0 c:/program files (x86)/atmel/studio/7.0/toolchain/avr8/avr8-gnu-toolchain/bin/../lib/gcc/avr/5.4.0/avr4\libgcc.a(_exit.o)
 .text.libgcc.fixed
                0x00000000        0x0 c:/program files (x86)/atmel/studio/7.0/toolchain/avr8/avr8-gnu-toolchain/bin/../lib/gcc/avr/5.4.0/avr4\libgcc.a(_exit.o)
 .text          0x00000000        0x0 c:/program files (x86)/atmel/studio/7.0/toolchain/avr8/avr8-gnu-toolchain/bin/../lib/gcc/avr/5.4.0/avr4\libgcc.a(_clear_bss.o)
 .data          0x00000000        0x0 c:/program files (x86)/atmel/studio/7.0/toolchain/avr8/avr8-gnu-toolchain/bin/../lib/gcc/avr/5.4.0/avr4\libgcc.a(_clear_bss.o)
 .bss           0x00000000        0x0 c:/program files (x86)/atmel/studio/7.0/toolchain/avr8/avr8-gnu-toolchain/bin/../lib/gcc/avr/5.4.0/avr4\libgcc.a(_clear_bss.o)
 .text.libgcc.mul
                0x00000000        0x0 c:/program files (x86)/atmel/studio/7.0/toolchain/avr8/avr8-gnu-toolchain/bin/../lib/gcc/avr/5.4.0/avr4\libgcc.a(_clear_bss.o)
 .text.libgcc.div
                0x00000000        0x0 c:/program files (x86)/atmel/studio/7.0/toolchain/avr8/avr8-gnu-toolchain/bin/../lib/gcc/avr/5.4.0/avr4\libgcc.a(_clear_bss.o)
 .text.libgcc   0x00000000        0x0 c:/program files (x86)/atmel/studio/7.0/toolchain/avr8/avr8-gnu-toolchain/bin/../lib/gcc/avr/5.4.0/avr4\libgcc.a(_clear_bss.o)
 .text.libgcc.prologue
                0x00000000        0x0 c:/program files (x86)/atmel/studio/7.0/toolchain/avr8/avr8-gnu-toolchain/bin/../lib/gcc/avr/5.4.0/avr4\libgcc.a(_clear_bss.o)
 .text.libgcc.builtins
                0x00000000        0x0 c:/program files (x86)/atmel/studio/7.0/toolchain/avr8/avr8-gnu-toolchain/bin/../lib/gcc/avr/5.4.0/avr4\libgcc.a(_clear_bss.o)
 .text.libgcc.fmul
                0x00000000        0x0 c:/program files (x86)/atmel/studio/7.0/toolchain/avr8/avr8-gnu-toolchain/bin/../lib/gcc/avr/5.4.0/avr4\libgcc.a(_clear_bss.o)
 .text.libgcc.fixed
                0x00000000        0x0 c:/program files (x86)/atmel/studio/7.0/toolchain/avr8/avr8-gnu-toolchain/bin/../lib/gcc/avr/5.4.0/avr4\libgcc.a(_clear_bss.o)

Memory Configuration

Name             Origin             Length             Attributes
text             0x00000000         0x00002000         xr
data             0x00800060         0x0000ffa0         rw !x
eeprom           0x00810000         0x00010000         rw !x
fuse             0x00820000         0x00000002         rw !x
lock             0x00830000         0x00000400         rw !x
signature        0x00840000         0x00000400         rw !x
user_signatures  0x00850000         0x00000400         rw !x
*default*        0x00000000         0xffffffff

Linker script and memory map

LOAD C:/Program Files (x86)/Atmel/Studio/7.0/Packs/atmel/ATmega_DFP/1.2.132/gcc/dev/atmega8a/avr4/crtatmega8a.o
LOAD app/cmd.o
LOAD hal/uart.o
LOAD main.o
LOAD os/queue.o
START GROUP
LOAD c:/program files (x86)/atmel/studio/7.0/toolchain/avr8/avr8-gnu-toolchain/bin/../lib/gcc/avr/5.4.0/../../../../avr/lib/avr4\libm.a
END GROUP
START GROUP
LOAD c:/program files (x86)/atmel/studio/7.0/toolchain/avr8/avr8-gnu-toolchain/bin/../lib/gcc/avr/5.4.0/avr4\libgcc.a
LOAD c:/program files (x86)/atmel/studio/7.0/toolchain/avr8/avr8-gnu-toolchain/bin/../lib/gcc/avr/5.4.0/../../../../avr/lib/avr4\libm.a
LOAD c:/program files (x86)/atmel/studio/7.0/toolchain/avr8/avr8-gnu-toolchain/bin/../lib/gcc/avr/5.4.0/../../../../avr/lib/avr4\libc.a
LOAD C:/Program Files (x86)/Atmel/Studio/7.0/Packs/atmel/ATmega_DFP/1.2.132/gcc/dev/atmega8a/avr4\libatmega8a.a
END GROUP
                0x00002000                __TEXT_REGION_LENGTH__ = DEFINED (__TEXT_REGION_LENGTH__)?__TEXT_REGION_LENGTH__:0x2000
                0x0000ffa0                __DATA_REGION_LENGTH__ = DEFINED (__DATA_REGION_LENGTH__)?__DATA_REGION_LENGTH__:0xffa0
                0x00010000                __EEPROM_REGION_LENGTH__ = DEFINED (__EEPROM_REGION_LENGTH__)?__EEPROM_REGION_LENGTH__:0x10000
                [0x00000002]                __FUSE_REGION_LENGTH__ = DEFINED (__FUSE_REGION_LENGTH__)?__FUSE_REGION_LENGTH__:0x400
                0x00000400                __LOCK_REGION_LENGTH__ = DEFINED (__LOCK_REGION_LENGTH__)?__LOCK_REGION_LENGTH__:0x400
                0x00000400                __SIGNATURE_REGION_LENGTH__ = DEFINED (__SIGNATURE_REGION_LENGTH__)?__SIGNATURE_REGION_LENGTH__:0x400
                0x00000400                __USER_SIGNATURE_REGION_LENGTH__ = DEFINED (__USER_SIGNATURE_REGION_LENGTH__)?__USER_SIGNATURE_REGION_LENGTH__:0x400

.hash
 *(.hash)

.dynsym
 *(.dynsym)

.dynstr
 *(.dynstr)

.gnu.version
 *(.gnu.version)

.gnu.version_d
 *(.gnu.version_d)

.gnu.version_r
 *(.gnu.version_r)

.rel.init
 *(.rel.init)

.rela.init
 *(.rela.init)

.rel.text
 *(.rel.text)
 *(.rel.text.*)
 *(.rel.gnu.linkonce.t*)

.rela.text
 *(.rela.text)
 *(.rela.text.*)
 *(.rela.gnu.linkonce.t*)

.rel.fini
 *(.rel.fini)

.rela.fini
 *(.rela.fini)

.rel.rodata
 *(.rel.rodata)
 *(.rel.rodata.*)
 *(.rel.gnu.linkonce.r*)

.rela.rodata
 *(.rela.rodata)
 *(.rela.rodata.*)
 *(.rela.gnu.linkonce.r*)

.rel.data
 *(.rel.data)
 *(.rel.data.*)
 *(.rel.gnu.linkonce.d*)

.rela.data
 *(.rela.data)
 *(.rela.data.*)
 *(.rela.gnu.linkonce.d*)

.rel.ctors
 *(.rel.ctors)

.rela.ctors
 *(.rela.ctors)

.rel.dtors
 *(.rel.dtors)

.rela.dtors
 *(.rela.dtors)

.rel.got
 *(.rel.got)

.rela.got
 *(.rela.got)

.rel.bss
 *(.rel.bss)

.rela.bss
 *(.rela.bss)

.rel.plt
 *(.rel.plt)

.rela.plt
 *(.rela.plt)

.text           0x00000000      0x448
 *(.vectors)
 .vectors       0x00000000       0x26 C:/Program Files (x86)/Atmel/Studio/7.0/Packs/atmel/ATmega_DFP/1.2.132/gcc/dev/atmega8a/avr4/crtatmega8a.o
                0x00000000                __vector_default
                0x00000000                __vectors
 *(.vectors)
 *(.progmem.gcc*)
                0x00000026                . = ALIGN (0x2)
                0x00000026                __trampolines_start = .
 *(.trampolines)
 .trampolines   0x00000026        0x0 linker stubs
 *(.trampolines*)
                0x00000026                __trampolines_end = .
 *libprintf_flt.a:*(.progmem.data)
 *libc.a:*(.progmem.data)
 *(.progmem*)
 .progmem.data.cmd2func
                0x00000026      0x200 hal/uart.o
                0x00000226                . = ALIGN (0x2)
 *(.jumptables)
 *(.jumptables*)
 *(.lowtext)
 *(.lowtext*)
                0x00000226                __ctors_start = .
 *(.ctors)
                0x00000226                __ctors_end = .
                0x00000226                __dtors_start = .
 *(.dtors)
                0x00000226                __dtors_end = .
 SORT(*)(.ctors)
 SORT(*)(.dtors)
 *(.init0)
 .init0         0x00000226        0x0 C:/Program Files (x86)/Atmel/Studio/7.0/Packs/atmel/ATmega_DFP/1.2.132/gcc/dev/atmega8a/avr4/crtatmega8a.o
                0x00000226                __init
 *(.init0)
 *(.init1)
 *(.init1)
 *(.init2)
 .init2         0x00000226        0xc C:/Program Files (x86)/Atmel/Studio/7.0/Packs/atmel/ATmega_DFP/1.2.132/gcc/dev/atmega8a/avr4/crtatmega8a.o
 *(.init2)
 *(.init3)
 *(.init3)
 *(.init4)
 .init4         0x00000232       0x10 c:/program files (x86)/atmel/studio/7.0/toolchain/avr8/avr8-gnu-toolchain/bin/../lib/gcc/avr/5.4.0/avr4\libgcc.a(_clear_bss.o)
                0x00000232                __do_clear_bss
 *(.init4)
 *(.init5)
 *(.init5)
 *(.init6)
 *(.init6)
 *(.init7)
 *(.init7)
 *(.init8)
 *(.init8)
 *(.init9)
 .init9         0x00000242        0x4 C:/Program Files (x86)/Atmel/Studio/7.0/Packs/atmel/ATmega_DFP/1.2.132/gcc/dev/atmega8a/avr4/crtatmega8a.o
 *(.init9)
 *(.text)
 .text          0x00000246        0x2 C:/Program Files (x86)/Atmel/Studio/7.0/Packs/atmel/ATmega_DFP/1.2.132/gcc/dev/atmega8a/avr4/crtatmega8a.o
                0x00000246                __vector_1
                0x00000246                __vector_12
                0x00000246                __bad_interrupt
                0x00000246                __vector_6
                0x00000246                __vector_3
                0x00000246                __vector_13
                0x00000246                __vector_17
                0x00000246                __vector_7
                0x00000246                __vector_5
                0x00000246                __vector_4
                0x00000246                __vector_9
                0x00000246                __vector_2
                0x00000246                __vector_15
                0x00000246                __vector_8
                0x00000246                __vector_14
                0x00000246                __vector_10
                0x00000246                __vector_16
                0x00000246                __vector_18
                0x00000248                . = ALIGN (0x2)
 *(.text.*)
 .text.SourceIndicatorOff
                0x00000248        0x2 app/cmd.o
                0x00000248                SourceIndicatorOff
 .text.ButtonRepeatInterval_0
                0x0000024a        0x2 app/cmd.o
                0x0000024a                ButtonRepeatInterval_0
 .text.ButtonRepeatInterval_1
                0x0000024c        0x2 app/cmd.o
                0x0000024c                ButtonRepeatInterval_1
 .text.ButtonRepeatInterval_2
                0x0000024e        0x2 app/cmd.o
                0x0000024e                ButtonRepeatInterval_2
 .text.ButtonRepeatInterval_3
                0x00000250        0x2 app/cmd.o
                0x00000250                ButtonRepeatInterval_3
 .text.ButtonRepeatInterval_4
                0x00000252        0x2 app/cmd.o
                0x00000252                ButtonRepeatInterval_4
 .text.ButtonRepeatInterval_5
                0x00000254        0x2 app/cmd.o
                0x00000254                ButtonRepeatInterval_5
 .text.ButtonRepeatInterval_6
                0x00000256        0x2 app/cmd.o
                0x00000256                ButtonRepeatInterval_6
 .text.ButtonRepeatInterval_7
                0x00000258        0x2 app/cmd.o
                0x00000258                ButtonRepeatInterval_7
 .text.ButtonRepeatInterval_8
                0x0000025a        0x2 app/cmd.o
                0x0000025a                ButtonRepeatInterval_8
 .text.ButtonRepeatInterval_9
                0x0000025c        0x2 app/cmd.o
                0x0000025c                ButtonRepeatInterval_9
 .text.ButtonRepeatInterval_10
                0x0000025e        0x2 app/cmd.o
                0x0000025e                ButtonRepeatInterval_10
 .text.ButtonRepeatInterval_11
                0x00000260        0x2 app/cmd.o
                0x00000260                ButtonRepeatInterval_11
 .text.ButtonRepeatInterval_12
                0x00000262        0x2 app/cmd.o
                0x00000262                ButtonRepeatInterval_12
 .text.ButtonRepeatInterval_13
                0x00000264        0x2 app/cmd.o
                0x00000264                ButtonRepeatInterval_13
 .text.ButtonRepeatInterval_14
                0x00000266        0x2 app/cmd.o
                0x00000266                ButtonRepeatInterval_14
 .text.ButtonRepeatInterval_15
                0x00000268        0x2 app/cmd.o
                0x00000268                ButtonRepeatInterval_15
 .text.PanelIlluminationLevel_0
                0x0000026a        0x2 app/cmd.o
                0x0000026a                PanelIlluminationLevel_0
 .text.PanelIlluminationLevel_1
                0x0000026c        0x2 app/cmd.o
                0x0000026c                PanelIlluminationLevel_1
 .text.PanelIlluminationLevel_2
                0x0000026e        0x2 app/cmd.o
                0x0000026e                PanelIlluminationLevel_2
 .text.PanelIlluminationLevel_3
                0x00000270        0x2 app/cmd.o
                0x00000270                PanelIlluminationLevel_3
 .text.PanelIlluminationLevel_4
                0x00000272        0x2 app/cmd.o
                0x00000272                PanelIlluminationLevel_4
 .text.PanelIlluminationLevel_5
                0x00000274        0x2 app/cmd.o
                0x00000274                PanelIlluminationLevel_5
 .text.PanelIlluminationLevel_6
                0x00000276        0x2 app/cmd.o
                0x00000276                PanelIlluminationLevel_6
 .text.PanelIlluminationLevel_7
                0x00000278        0x2 app/cmd.o
                0x00000278                PanelIlluminationLevel_7
 .text.PanelIlluminationLevel_8
                0x0000027a        0x2 app/cmd.o
                0x0000027a                PanelIlluminationLevel_8
 .text.PanelIlluminationLevel_9
                0x0000027c        0x2 app/cmd.o
                0x0000027c                PanelIlluminationLevel_9
 .text.PanelIlluminationLevel_10
                0x0000027e        0x2 app/cmd.o
                0x0000027e                PanelIlluminationLevel_10
 .text.PanelIlluminationLevel_11
                0x00000280        0x2 app/cmd.o
                0x00000280                PanelIlluminationLevel_11
 .text.PanelIlluminationLevel_12
                0x00000282        0x2 app/cmd.o
                0x00000282                PanelIlluminationLevel_12
 .text.PanelIlluminationLevel_13
                0x00000284        0x2 app/cmd.o
                0x00000284                PanelIlluminationLevel_13
 .text.PanelIlluminationLevel_14
                0x00000286        0x2 app/cmd.o
                0x00000286                PanelIlluminationLevel_14
 .text.PanelIlluminationLevel_15
                0x00000288        0x2 app/cmd.o
                0x00000288                PanelIlluminationLevel_15
 .text.AudioSource_AM
                0x0000028a        0x2 app/cmd.o
                0x0000028a                AudioSource_AM
 .text.AudioSource_FM
                0x0000028c        0x2 app/cmd.o
                0x0000028c                AudioSource_FM
 .text.AudioSource_WB
                0x0000028e        0x2 app/cmd.o
                0x0000028e                AudioSource_WB
 .text.AudioSource_SXM
                0x00000290        0x2 app/cmd.o
                0x00000290                AudioSource_SXM
 .text.AudioSource_BT
                0x00000292        0x2 app/cmd.o
                0x00000292                AudioSource_BT
 .text.AudioSource_AUX
                0x00000294        0x2 app/cmd.o
                0x00000294                AudioSource_AUX
 .text.AudioSource_USB
                0x00000296        0x2 app/cmd.o
                0x00000296                AudioSource_USB
 .text.uartInit
                0x00000298       0x12 hal/uart.o
                0x00000298                uartInit
 .text.__vector_11
                0x000002aa       0xc4 hal/uart.o
                0x000002aa                __vector_11
 .text.main     0x0000036e       0x2a main.o
                0x0000036e                main
 .text.setQueueElement
                0x00000398       0x60 os/queue.o
                0x00000398                setQueueElement
 .text.getQueueElement
                0x000003f8       0x4c os/queue.o
                0x000003f8                getQueueElement
                0x00000444                . = ALIGN (0x2)
 *(.fini9)
 .fini9         0x00000444        0x0 c:/program files (x86)/atmel/studio/7.0/toolchain/avr8/avr8-gnu-toolchain/bin/../lib/gcc/avr/5.4.0/avr4\libgcc.a(_exit.o)
                0x00000444                _exit
                0x00000444                exit
 *(.fini9)
 *(.fini8)
 *(.fini8)
 *(.fini7)
 *(.fini7)
 *(.fini6)
 *(.fini6)
 *(.fini5)
 *(.fini5)
 *(.fini4)
 *(.fini4)
 *(.fini3)
 *(.fini3)
 *(.fini2)
 *(.fini2)
 *(.fini1)
 *(.fini1)
 *(.fini0)
 .fini0         0x00000444        0x4 c:/program files (x86)/atmel/studio/7.0/toolchain/avr8/avr8-gnu-toolchain/bin/../lib/gcc/avr/5.4.0/avr4\libgcc.a(_exit.o)
 *(.fini0)
                0x00000448                _etext = .

.data           0x00800060        0x0 load address 0x00000448
                [!provide]                PROVIDE (__data_start, .)
 *(.data)
 *(.data*)
 *(.rodata)
 *(.rodata*)
 *(.gnu.linkonce.d*)
                0x00800060                . = ALIGN (0x2)
                0x00800060                _edata = .
                [!provide]                PROVIDE (__data_end, .)

.bss            0x00800060       0x22
                0x00800060                PROVIDE (__bss_start, .)
 *(.bss)
 *(.bss*)
 .bss.command.1916
                0x00800060        0x1 hal/uart.o
 .bss.state.1915
                0x00800061        0x1 hal/uart.o
 .bss.queue     0x00800062       0x20 os/queue.o
 *(COMMON)
                0x00800082                PROVIDE (__bss_end, .)
                0x00000448                __data_load_start = LOADADDR (.data)
                0x00000448                __data_load_end = (__data_load_start + SIZEOF (.data))

.noinit         0x00800082        0x0
                [!provide]                PROVIDE (__noinit_start, .)
 *(.noinit*)
                [!provide]                PROVIDE (__noinit_end, .)
                0x00800082                _end = .
                [!provide]                PROVIDE (__heap_start, .)

.eeprom         0x00810000        0x0
 *(.eeprom*)
                0x00810000                __eeprom_end = .

.fuse
 *(.fuse)
 *(.lfuse)
 *(.hfuse)
 *(.efuse)

.lock
 *(.lock*)

.signature
 *(.signature*)

.user_signatures
 *(.user_signatures*)

.stab
 *(.stab)

.stabstr
 *(.stabstr)

.stab.excl
 *(.stab.excl)

.stab.exclstr
 *(.stab.exclstr)

.stab.index
 *(.stab.index)

.stab.indexstr
 *(.stab.indexstr)

.comment        0x00000000       0x30
 *(.comment)
 .comment       0x00000000       0x30 app/cmd.o
                                 0x31 (size before relaxing)
 .comment       0x00000030       0x31 hal/uart.o
 .comment       0x00000030       0x31 main.o
 .comment       0x00000030       0x31 os/queue.o

.note.gnu.avr.deviceinfo
                0x00000000       0x3c
 .note.gnu.avr.deviceinfo
                0x00000000       0x3c C:/Program Files (x86)/Atmel/Studio/7.0/Packs/atmel/ATmega_DFP/1.2.132/gcc/dev/atmega8a/avr4/crtatmega8a.o

.note.gnu.build-id
 *(.note.gnu.build-id)

.debug
 *(.debug)

.line
 *(.line)

.debug_srcinfo
 *(.debug_srcinfo)

.debug_sfnames
 *(.debug_sfnames)

.debug_aranges  0x00000000      0x1c8
 *(.debug_aranges)
 .debug_aranges
                0x00000000      0x158 app/cmd.o
 .debug_aranges
                0x00000158       0x28 hal/uart.o
 .debug_aranges
                0x00000180       0x20 main.o
 .debug_aranges
                0x000001a0       0x28 os/queue.o

.debug_pubnames
 *(.debug_pubnames)

.debug_info     0x00000000      0xdb9
 *(.debug_info .gnu.linkonce.wi.*)
 .debug_info    0x00000000      0x48c C:/Program Files (x86)/Atmel/Studio/7.0/Packs/atmel/ATmega_DFP/1.2.132/gcc/dev/atmega8a/avr4/crtatmega8a.o
 .debug_info    0x0000048c      0x39a app/cmd.o
 .debug_info    0x00000826      0x2df hal/uart.o
 .debug_info    0x00000b05      0x133 main.o
 .debug_info    0x00000c38      0x181 os/queue.o

.debug_abbrev   0x00000000      0x7a6
 *(.debug_abbrev)
 .debug_abbrev  0x00000000      0x44e C:/Program Files (x86)/Atmel/Studio/7.0/Packs/atmel/ATmega_DFP/1.2.132/gcc/dev/atmega8a/avr4/crtatmega8a.o
 .debug_abbrev  0x0000044e       0x2e app/cmd.o
 .debug_abbrev  0x0000047c      0x13f hal/uart.o
 .debug_abbrev  0x000005bb       0xe3 main.o
 .debug_abbrev  0x0000069e      0x108 os/queue.o

.debug_line     0x00000000      0x701
 *(.debug_line .debug_line.* .debug_line_end)
 .debug_line    0x00000000      0x109 C:/Program Files (x86)/Atmel/Studio/7.0/Packs/atmel/ATmega_DFP/1.2.132/gcc/dev/atmega8a/avr4/crtatmega8a.o
 .debug_line    0x00000109      0x2c1 app/cmd.o
 .debug_line    0x000003ca      0x138 hal/uart.o
 .debug_line    0x00000502       0xef main.o
 .debug_line    0x000005f1      0x110 os/queue.o

.debug_frame    0x00000000      0x394
 *(.debug_frame)
 .debug_frame   0x00000000      0x294 app/cmd.o
 .debug_frame   0x00000294       0x8c hal/uart.o
 .debug_frame   0x00000320       0x34 main.o
 .debug_frame   0x00000354       0x40 os/queue.o

.debug_str      0x00000000      0xae0
 *(.debug_str)
 .debug_str     0x00000000      0x17a C:/Program Files (x86)/Atmel/Studio/7.0/Packs/atmel/ATmega_DFP/1.2.132/gcc/dev/atmega8a/avr4/crtatmega8a.o
 .debug_str     0x0000017a      0x47e app/cmd.o
 .debug_str     0x000005f8      0x4b3 hal/uart.o
                                0x5df (size before relaxing)
 .debug_str     0x00000aab       0x21 main.o
                                0x1ad (size before relaxing)
 .debug_str     0x00000acc       0x14 os/queue.o
                                0x1c0 (size before relaxing)

.debug_loc      0x00000000      0x294
 *(.debug_loc)
 .debug_loc     0x00000000      0x13a hal/uart.o
 .debug_loc     0x0000013a       0x48 main.o
 .debug_loc     0x00000182      0x112 os/queue.o

.debug_macinfo
 *(.debug_macinfo)

.debug_weaknames
 *(.debug_weaknames)

.debug_funcnames
 *(.debug_funcnames)

.debug_typenames
 *(.debug_typenames)

.debug_varnames
 *(.debug_varnames)

.debug_pubtypes
 *(.debug_pubtypes)

.debug_ranges   0x00000000      0x1a0
 *(.debug_ranges)
 .debug_ranges  0x00000000      0x148 app/cmd.o
 .debug_ranges  0x00000148       0x18 hal/uart.o
 .debug_ranges  0x00000160       0x10 main.o
 .debug_ranges  0x00000170       0x30 os/queue.o

.debug_macro
 *(.debug_macro)
OUTPUT(RemoteControl.elf elf32-avr)
LOAD linker stubs
